<?xml version="1.0" encoding="UTF-8"?>
<testsuites name="Mocha Tests" time="0.0320" tests="2" failures="0">
  <testsuite name="Root Suite" timestamp="2020-05-25T16:09:03" tests="0" time="0.0000" failures="0">
  </testsuite>
  <testsuite name="/GET test" timestamp="2020-05-25T16:09:03" tests="2" file="/projects/tleflond-TLE_TestDevops/test/test.js" time="0.0320" failures="0">
    <testcase name="/GET test get the version of the app" time="0.0290" classname="get the version of the app">
    </testcase>
    <testcase name="/GET test get le tableau d&apos;éléments" time="0.0030" classname="get le tableau d&apos;éléments">
    </testcase>
  </testsuite>
</testsuites>